ok     plain_str        synth=POK|pPOK                     actual=POK|pPOK
ok     plus10           synth=IOK|POK|pIOK|pPOK            actual=IOK|POK|pIOK|pPOK
ok     dirty            synth=POK|pIOK|pNOK|pPOK           actual=POK|pIOK|pNOK|pPOK
ok     pad              synth=IOK|POK|pIOK|pPOK            actual=IOK|POK|pIOK|pPOK
ok     neg0_gfirst      synth=IOK|NOK|POK|pIOK|pNOK|pPOK   actual=IOK|NOK|POK|pIOK|pNOK|pPOK
ok     neg0_intfirst    synth=IOK|POK|pIOK|pPOK            actual=IOK|POK|pIOK|pPOK
ok     one_inc          synth=POK|pPOK                     actual=POK|pPOK
ok     az_inc           synth=POK|pPOK                     actual=POK|pPOK
ok     int              synth=IOK|pIOK                     actual=IOK|pIOK
ok     int_stringified  synth=IOK|pIOK|pPOK                actual=IOK|pIOK|pPOK
ok     num              synth=NOK|pNOK                     actual=NOK|pNOK
ok     num_stringified  synth=NOK|pNOK                     actual=NOK|pNOK
ok     uv               synth=IOK|pIOK|IsUV                actual=IOK|pIOK|IsUV
ok     iv_overflow      synth=IOK|pIOK|IsUV                actual=IOK|pIOK|IsUV
ok     huge_dirty       synth=POK|pIOK|pNOK|pPOK|IsUV      actual=POK|pIOK|pNOK|pPOK|IsUV
ok     ref              synth=ROK                          actual=ROK
ok     undef            synth=                             actual=
ok     bool_true        synth=IOK|NOK|POK|pIOK|pNOK|pPOK   actual=IOK|NOK|POK|pIOK|pNOK|pPOK
ok     bool_false       synth=IOK|NOK|POK|pIOK|pNOK|pPOK   actual=IOK|NOK|POK|pIOK|pNOK|pPOK
ok     dualvar          synth=IOK|POK|pIOK|pPOK            actual=IOK|POK|pIOK|pPOK
ok     zero_but_true    synth=IOK|POK|pIOK|pPOK            actual=IOK|POK|pIOK|pPOK
ok     utf8_str         synth=POK|pPOK|UTF8                actual=POK|pPOK|UTF8
ok     dirty_bor        synth=POK|pIOK|pNOK|pPOK           actual=POK|pIOK|pNOK|pPOK
ok     clean_inf        synth=NOK|POK|pIOK|pNOK|pPOK|IsUV  actual=NOK|POK|pIOK|pNOK|pPOK|IsUV
ok     num_ivcache      synth=NOK|pIOK|pNOK                actual=NOK|pIOK|pNOK
mismatches: 0 / 25
